SYNC_LEN=64

==============================================================================
 HMM-GUIDED HYBRID NETWORK STEGANOGRAPHY — SIMULATION (v3)
==============================================================================

[+] Payload size: 1136 bits (142 chars)
[+] Warden schedule: [0, 0, 1, 2, 2, 2, 1, 1, 0, 0, 2, 0]
[+] Sync length per channel per epoch: 64 bits

Ep   | True  | Infer  | alpha  | beta   | v   | stErr  | tmErr  | BER    
-------------------------------------------------------------------------
1    | 0     | 0      | 0.758  | 0.242  | 0   | 0      | 0      | 0.00%  
2    | 0     | 0      | 0.824  | 0.176  | 0   | 0      | 0      | 0.00%  
3    | 1     | 0      | 0.834  | 0.166  | 0   | 5      | 0      | 7.81%  
4    | 2     | 0      | 0.836  | 0.164  | 2   | 23     | 0      | 35.94% 
5    | 2     | 2      | 0.368  | 0.632  | 2   | 10     | 4      | 21.88% 
6    | 2     | 2      | 0.183  | 0.817  | 2   | 2      | 5      | 10.94% 
7    | 1     | 2      | 0.153  | 0.847  | 1   | 2      | 0      | 3.12%  
8    | 1     | 1      | 0.320  | 0.680  | 2   | 2      | 0      | 3.12%  
9    | 0     | 2      | 0.202  | 0.798  | 0   | 0      | 0      | 0.00%  
10   | 0     | 1      | 0.579  | 0.421  | 0   | 0      | 0      | 0.00%  
11   | 2     | 0      | 0.778  | 0.222  | 2   | 17     | 3      | 31.25% 
12   | 0     | 2      | 0.335  | 0.665  | 0   | 0      | 0      | 0.00%  
-------------------------------------------------------------------------

[+] SUMMARY
    Total payload bits: 768
    Total bit errors:   73
    Overall BER:        9.51%
==============================================================================