SYNC_LEN = 256

==============================================================================
 HMM-GUIDED HYBRID NETWORK STEGANOGRAPHY — SIMULATION (v3)
==============================================================================

[+] Payload size: 1136 bits (142 chars)
[+] Warden schedule: [0, 0, 1, 2, 2, 2, 1, 1, 0, 0, 2, 0]
[+] Sync length per channel per epoch: 256 bits

Ep   | True  | Infer  | alpha  | beta   | v   | stErr  | tmErr  | BER    
-------------------------------------------------------------------------
1    | 0     | 0      | 0.758  | 0.242  | 0   | 0      | 0      | 0.00%  
2    | 0     | 0      | 0.824  | 0.176  | 0   | 0      | 0      | 0.00%  
3    | 1     | 0      | 0.834  | 0.166  | 1   | 5      | 0      | 7.81%  
4    | 2     | 1      | 0.611  | 0.389  | 2   | 12     | 3      | 23.44% 
5    | 2     | 2      | 0.286  | 0.714  | 2   | 7      | 5      | 18.75% 
6    | 2     | 2      | 0.182  | 0.818  | 2   | 6      | 6      | 18.75% 
7    | 1     | 2      | 0.154  | 0.846  | 1   | 0      | 0      | 0.00%  
8    | 1     | 1      | 0.321  | 0.679  | 1   | 3      | 1      | 6.25%  
9    | 0     | 1      | 0.406  | 0.594  | 0   | 0      | 0      | 0.00%  
10   | 0     | 0      | 0.650  | 0.350  | 0   | 0      | 0      | 0.00%  
11   | 2     | 0      | 0.790  | 0.210  | 2   | 19     | 3      | 34.38% 
12   | 0     | 2      | 0.345  | 0.655  | 0   | 0      | 0      | 0.00%  
-------------------------------------------------------------------------

[+] SUMMARY
    Total payload bits: 768
    Total bit errors:   70
    Overall BER:        9.11%
==============================================================================