# SYNC_LEN = 128

==============================================================================
 HMM-GUIDED HYBRID NETWORK STEGANOGRAPHY — SIMULATION (v3)
==============================================================================

[+] Payload size: 1136 bits (142 chars)
[+] Warden schedule: [0, 0, 1, 2, 2, 2, 1, 1, 0, 0, 2, 0]
[+] Sync length per channel per epoch: 128 bits

Ep   | True  | Infer  | alpha  | beta   | v   | stErr  | tmErr  | BER    
-------------------------------------------------------------------------
1    | 0     | 0      | 0.758  | 0.242  | 0   | 0      | 0      | 0.00%  
2    | 0     | 0      | 0.824  | 0.176  | 0   | 0      | 0      | 0.00%  
3    | 1     | 0      | 0.834  | 0.166  | 1   | 8      | 0      | 12.50% 
4    | 2     | 1      | 0.611  | 0.389  | 2   | 15     | 2      | 26.56% 
5    | 2     | 2      | 0.286  | 0.714  | 2   | 10     | 4      | 21.88% 
6    | 2     | 2      | 0.182  | 0.818  | 2   | 2      | 4      | 9.38%  
7    | 1     | 2      | 0.154  | 0.846  | 1   | 1      | 0      | 1.56%  
8    | 1     | 1      | 0.321  | 0.679  | 1   | 1      | 0      | 1.56%  
9    | 0     | 1      | 0.406  | 0.594  | 0   | 0      | 0      | 0.00%  
10   | 0     | 0      | 0.650  | 0.350  | 0   | 0      | 0      | 0.00%  
11   | 2     | 0      | 0.790  | 0.210  | 2   | 12     | 4      | 25.00% 
12   | 0     | 2      | 0.345  | 0.655  | 0   | 0      | 0      | 0.00%  
-------------------------------------------------------------------------

[+] SUMMARY
    Total payload bits: 768
    Total bit errors:   63
    Overall BER:        8.20%
==============================================================================